// Jest Snapshot v1, https://goo.gl/fbAQLP

exports[`invalidIdentifiersModal displays the appropriate data 1`] = `
.c0 {
  max-width: 100%;
  overflow-x: scroll;
}

.c1 {
  table-layout: auto;
}

.c2 {
  width: 0%;
  text-align: left;
}

.c3 {
  width: 0%;
  text-align: left;
}

.c4 {
  -webkit-user-select: none;
  -moz-user-select: none;
  -ms-user-select: none;
  user-select: none;
  outline: solid 1px #ffffff00;
  -webkit-transition: outline 0.2s ease-in-out;
  transition: outline 0.2s ease-in-out;
}

.c4:hover {
  outline-color: #ffffffff;
  cursor: pointer;
}

<div
  class="modal-content"
>
  <div
    class="modal-header"
  >
    <div
      class="modal-title h4"
    >
      Invalid Cards
    </div>
    <button
      aria-label="Close"
      class="btn-close"
      type="button"
    />
  </div>
  <div
    class="modal-body"
  >
    <p>
      Some card versions you specified couldn't be found. This typically happens when:
    </p>
    <ul>
      <li>
        You had selected an image, then disabled its source in Search Settings, or
      </li>
      <li>
        The creator of the image removed it from their repository (even if they reuploaded it later).
      </li>
    </ul>
    <p>
      The versions we couldn't find are tabulated below for your reference. The cards in these slots have defaulted to the first versions we found when searching the database.
    </p>
    <p>
      Dismiss this warning by clicking the 
      <b>
        Acknowledge
      </b>
       button below.
    </p>
    <hr />
    <div
      class="c0"
    >
      <table
        class="c1 table table-hover"
      >
        <thead>
          <tr>
            <th
              class="c2"
              scope="col"
            >
              Slot
            </th>
            <th
              class="c2"
              scope="col"
            >
              Face
            </th>
            <th
              class="c2"
              scope="col"
            >
              Query
            </th>
            <th
              class="c2"
              scope="col"
            >
              Identifier
            </th>
          </tr>
        </thead>
        <tbody>
          <tr>
            <td
              class="c3"
            >
              1
            </td>
            <td
              class="c3"
            >
              Front
            </td>
            <td
              class="c3"
            >
              <code
                class="c4"
              >
                query 1
              </code>
            </td>
            <td
              class="c3"
            >
              <code
                class="c4"
              >
                123
              </code>
            </td>
          </tr>
          <tr>
            <td
              class="c3"
            >
              2
            </td>
            <td
              class="c3"
            >
              Front
            </td>
            <td
              class="c3"
            >
              <code
                class="c4"
              >
                query 1
              </code>
            </td>
            <td
              class="c3"
            >
              <code
                class="c4"
              >
                123
              </code>
            </td>
          </tr>
          <tr>
            <td
              class="c3"
            >
              3
            </td>
            <td
              class="c3"
            >
              Back
            </td>
            <td
              class="c3"
            >
              <code
                class="c4"
              >
                query 3
              </code>
            </td>
            <td
              class="c3"
            >
              <code
                class="c4"
              >
                456
              </code>
            </td>
          </tr>
        </tbody>
      </table>
    </div>
  </div>
  <div
    class="modal-footer"
  >
    <button
      class="btn btn-secondary"
      type="button"
    >
      Close
    </button>
    <button
      class="btn btn-primary"
      type="button"
    >
      Acknowledge
    </button>
  </div>
</div>
`;
