// Jest Snapshot v1, https://goo.gl/fbAQLP

exports[`the html structure of search settings 1`] = `
.c0 {
  color: black;
}

.c0 .tag {
  color: black;
  background-color: #dddddd;
}

.c0 .tag-remove {
  color: #666666;
}

.c0 .dropdown-trigger {
  border-radius: 0.25rem;
  background-color: white;
}

.c0 .dropdown-content {
  border-radius: 0.25rem;
}

.c0 .search {
  background-color: white;
  color: black;
}

.c0 .search::-webkit-input-placeholder {
  color: black;
}

.c0 .search::-moz-placeholder {
  color: black;
}

.c0 .search:-ms-input-placeholder {
  color: black;
}

.c0 .search::placeholder {
  color: black;
}

.c0 .placeholder {
  color: gray;
}

.c0 .toggle {
  font: normal normal normal 12px/1 bootstrap-icons;
  top: 2px;
  left: 2px;
}

.c0 .toggle.collapsed::after {
  content: "\\F4FA";
}

.c0 .toggle.expanded::after {
  content: "\\F2E6";
}

.c0 .root {
  padding: 0;
  margin: 0;
}

.c1 {
  font-size: 1em;
  cursor: pointer;
}

<div
  class="modal-dialog modal-dialog-scrollable"
  data-testid="search-settings"
>
  <div
    class="modal-content"
  >
    <div
      class="modal-header"
    >
      <div
        class="modal-title h4"
      >
        Search Settings
      </div>
      <button
        aria-label="Close"
        class="btn-close"
        type="button"
      />
    </div>
    <div
      class="modal-body"
    >
      <div
        class="px-1 container"
      >
        <h5>
          Search Type
        </h5>
        Configure how closely the search results should match your query.
        <br />
        <br />
        <div
          class="btn toggle btn-md off btn-info"
          role="button"
          style="width: 100%; height: 38px;"
        >
          <div
            class="toggle-group"
          >
            <span
              class="btn toggle-on btn-md flex-centre btn-success"
            >
              Fuzzy (Forgiving) Search
            </span>
            <span
              class="btn toggle-off btn-md flex-centre btn-info"
            >
              Precise Search
            </span>
            <span
              class="toggle-handle btn btn-md btn-default"
            />
          </div>
        </div>
        <br />
        <br />
        <div
          class="btn toggle btn-md off btn-info"
          role="button"
          style="width: 100%; height: 38px;"
        >
          <div
            class="toggle-group"
          >
            <span
              class="btn toggle-on btn-md flex-centre btn-success"
            >
              Filters Apply to Cardbacks
            </span>
            <span
              class="btn toggle-off btn-md flex-centre btn-info"
            >
              Include All Cardbacks
            </span>
            <span
              class="toggle-handle btn btn-md btn-default"
            />
          </div>
        </div>
      </div>
      <hr />
      <div
        class="px-1 container"
      >
        <h5>
          Filters
        </h5>
        Configure the DPI (dots per inch) and file size ranges the search results must be within.
        <br />
        At a fixed physical size, a higher DPI yields a higher resolution print.
        <br />
        MakePlayingCards prints cards up to 
        <b>
          800 DPI
        </b>
        , meaning an 800 DPI print and a 1200 DPI print will 
        <b>
          look the same
        </b>
        .
        <br />
        <br />
        <div
          class="row"
        >
          <div
            class="col-6"
          >
            <label
              class="form-label"
            >
              Minimum: 
              <b>
                0
                 DPI
              </b>
            </label>
            <input
              class="form-range"
              max="1500"
              min="0"
              step="50"
              type="range"
              value="0"
            />
          </div>
          <div
            class="col-6"
          >
            <label
              class="form-label"
            >
              Maximum: 
              <b>
                1500
                 DPI
              </b>
            </label>
            <input
              class="form-range"
              max="1500"
              min="0"
              step="50"
              type="range"
              value="1500"
            />
          </div>
        </div>
        <label
          class="form-label"
        >
          File size: Up to 
          <b>
            30
             MB
          </b>
        </label>
        <input
          class="form-range"
          max="30"
          min="0"
          step="1"
          type="range"
          value="30"
        />
        <br />
        <br />
        Configure the languages and tags to filter the search results on.
        <br />
        <br />
        <label
          class="form-label"
          for="selectLanguage"
        >
          Select languages
        </label>
        <div
          class="c0 react-dropdown-tree-select"
          id="rdts1"
        >
          <div
            class="dropdown"
          >
            <a
              aria-expanded="false"
              aria-haspopup="tree"
              class="dropdown-trigger arrow bottom"
              id="rdts1_trigger"
              role="button"
              tabindex="0"
            >
              <ul
                class="tag-list"
              >
                <li
                  class="tag-item"
                >
                  <span
                    class="placeholder"
                  >
                    Choose...
                  </span>
                </li>
              </ul>
            </a>
          </div>
        </div>
        <label
          class="form-label"
          for="selectTags"
        >
          Select tags which cards must have 
          <b>
            at least one
          </b>
           of
        </label>
        <div
          class="c0 react-dropdown-tree-select"
          id="rdts2"
        >
          <div
            class="dropdown"
          >
            <a
              aria-expanded="false"
              aria-haspopup="tree"
              class="dropdown-trigger arrow bottom"
              id="rdts2_trigger"
              role="button"
              tabindex="0"
            >
              <ul
                class="tag-list"
              >
                <li
                  class="tag-item"
                >
                  <span
                    class="placeholder"
                  >
                    Choose...
                  </span>
                </li>
              </ul>
            </a>
          </div>
        </div>
        <label
          class="form-label"
          for="selectTags"
        >
          Select tags which cards must 
          <b>
            not
          </b>
           have
        </label>
        <div
          class="c0 react-dropdown-tree-select"
          id="rdts3"
        >
          <div
            class="dropdown"
          >
            <a
              aria-expanded="false"
              aria-haspopup="tree"
              class="dropdown-trigger arrow bottom"
              id="rdts3_trigger"
              role="button"
              tabindex="0"
            >
              <ul
                class="tag-list"
              >
                <li
                  class="tag-item"
                >
                  <span
                    class="placeholder"
                  >
                    Choose...
                  </span>
                </li>
              </ul>
            </a>
          </div>
        </div>
      </div>
      <hr />
      <div
        class="px-1 container"
      >
        <h5>
          Sources
        </h5>
        Configure the sources to include in the search results.
        <ul>
          <li>
            <b>
              Drag & drop
            </b>
             them to change the order they're searched in.
          </li>
          <li>
            Use the 
            <b>
              arrows
            </b>
             to send a source to the top or bottom.
          </li>
        </ul>
        <div
          class="d-grid gap-0 mt-3"
        >
          <button
            class="btn btn-primary"
            type="button"
          >
            Disable
             all drives
          </button>
        </div>
        <br />
        <table
          class="table"
          style="table-layout: auto;"
        >
          <thead>
            <tr
              style="height: 38px;"
            >
              <th
                class="prevent-select"
              >
                Enabled
              </th>
              <th
                class="prevent-select"
              >
                Source Name
              </th>
              <th />
              <th />
            </tr>
          </thead>
          <tbody>
            <tr
              aria-describedby="rfd-hidden-text-:r0:-hidden-text-:r1:"
              data-rfd-drag-handle-context-id=":r0:"
              data-rfd-drag-handle-draggable-id="0"
              data-rfd-draggable-context-id=":r0:"
              data-rfd-draggable-id="0"
              draggable="false"
              role="button"
              tabindex="0"
            >
              <td
                style="vertical-align: middle; width: 30%;"
              >
                <div
                  class="btn toggle btn-md btn-primary"
                  role="button"
                  style="width: 80%; height: 38px;"
                >
                  <div
                    class="toggle-group"
                  >
                    <span
                      class="btn toggle-on btn-md flex-centre prevent-select btn-primary"
                    >
                      On
                    </span>
                    <span
                      class="btn toggle-off btn-md flex-centre prevent-select btn-secondary"
                    >
                      Off
                    </span>
                    <span
                      class="toggle-handle btn btn-md btn-default"
                    />
                  </div>
                </div>
              </td>
              <td
                style="vertical-align: middle; width: 50%;"
              >
                Source 1
              </td>
              <td
                style="vertical-align: middle; width: 5%; text-align: center;"
              >
                <div>
                  <i
                    class="c1 bi bi-chevron-double-up"
                  />
                </div>
                <div>
                  <i
                    class="c1 bi bi-chevron-double-down"
                  />
                </div>
              </td>
              <td
                style="vertical-align: middle; width: 15%; text-align: center;"
              >
                <i
                  class="bi bi-grip-horizontal"
                  style="font-size: 2em;"
                />
              </td>
            </tr>
            <tr
              aria-describedby="rfd-hidden-text-:r0:-hidden-text-:r1:"
              data-rfd-drag-handle-context-id=":r0:"
              data-rfd-drag-handle-draggable-id="1"
              data-rfd-draggable-context-id=":r0:"
              data-rfd-draggable-id="1"
              draggable="false"
              role="button"
              tabindex="0"
            >
              <td
                style="vertical-align: middle; width: 30%;"
              >
                <div
                  class="btn toggle btn-md btn-primary"
                  role="button"
                  style="width: 80%; height: 38px;"
                >
                  <div
                    class="toggle-group"
                  >
                    <span
                      class="btn toggle-on btn-md flex-centre prevent-select btn-primary"
                    >
                      On
                    </span>
                    <span
                      class="btn toggle-off btn-md flex-centre prevent-select btn-secondary"
                    >
                      Off
                    </span>
                    <span
                      class="toggle-handle btn btn-md btn-default"
                    />
                  </div>
                </div>
              </td>
              <td
                style="vertical-align: middle; width: 50%;"
              >
                Source 2
              </td>
              <td
                style="vertical-align: middle; width: 5%; text-align: center;"
              >
                <div>
                  <i
                    class="c1 bi bi-chevron-double-up"
                  />
                </div>
                <div>
                  <i
                    class="c1 bi bi-chevron-double-down"
                  />
                </div>
              </td>
              <td
                style="vertical-align: middle; width: 15%; text-align: center;"
              >
                <i
                  class="bi bi-grip-horizontal"
                  style="font-size: 2em;"
                />
              </td>
            </tr>
            <tr
              aria-describedby="rfd-hidden-text-:r0:-hidden-text-:r1:"
              data-rfd-drag-handle-context-id=":r0:"
              data-rfd-drag-handle-draggable-id="2"
              data-rfd-draggable-context-id=":r0:"
              data-rfd-draggable-id="2"
              draggable="false"
              role="button"
              tabindex="0"
            >
              <td
                style="vertical-align: middle; width: 30%;"
              >
                <div
                  class="btn toggle btn-md btn-primary"
                  role="button"
                  style="width: 80%; height: 38px;"
                >
                  <div
                    class="toggle-group"
                  >
                    <span
                      class="btn toggle-on btn-md flex-centre prevent-select btn-primary"
                    >
                      On
                    </span>
                    <span
                      class="btn toggle-off btn-md flex-centre prevent-select btn-secondary"
                    >
                      Off
                    </span>
                    <span
                      class="toggle-handle btn btn-md btn-default"
                    />
                  </div>
                </div>
              </td>
              <td
                style="vertical-align: middle; width: 50%;"
              >
                Source 3
              </td>
              <td
                style="vertical-align: middle; width: 5%; text-align: center;"
              >
                <div>
                  <i
                    class="c1 bi bi-chevron-double-up"
                  />
                </div>
                <div>
                  <i
                    class="c1 bi bi-chevron-double-down"
                  />
                </div>
              </td>
              <td
                style="vertical-align: middle; width: 15%; text-align: center;"
              >
                <i
                  class="bi bi-grip-horizontal"
                  style="font-size: 2em;"
                />
              </td>
            </tr>
          </tbody>
        </table>
      </div>
    </div>
    <div
      class="modal-footer"
    >
      <button
        class="btn btn-secondary"
        type="button"
      >
        Close Without Saving
      </button>
      <button
        class="btn btn-primary"
        type="button"
      >
        Save Changes
      </button>
    </div>
  </div>
</div>
`;
