// Jest Snapshot v1, https://goo.gl/fbAQLP

exports[`the html structure of XML importer 1`] = `
.c0 {
  -webkit-flex: 1;
  -ms-flex: 1;
  flex: 1;
  display: -webkit-box;
  display: -webkit-flex;
  display: -ms-flexbox;
  display: flex;
  -webkit-flex-direction: column;
  -ms-flex-direction: column;
  flex-direction: column;
  -webkit-align-items: center;
  -webkit-box-align: center;
  -ms-flex-align: center;
  align-items: center;
  padding: 20px;
  border-width: 2px;
  border-radius: 2px;
  border-color: #eeeeee;
  border-style: dashed;
  color: #bdbdbd;
  outline: none;
  -webkit-transition: border 0.24s ease-in-out;
  transition: border 0.24s ease-in-out;
  cursor: pointer;
}

<div
  class="modal-dialog modal-dialog-scrollable"
  data-testid="import-xml"
>
  <div
    class="modal-content"
  >
    <div
      class="modal-header"
    >
      <div
        class="modal-title h4"
      >
        Add Cards â€” XML
      </div>
      <button
        aria-label="Close"
        class="btn-close"
        type="button"
      />
    </div>
    <div
      class="modal-body"
    >
      <p>
        Upload an XML file of cards to add to the project.
      </p>
      <p>
        The 
        MPC Autofill
         website can generate an XML file representing your project, and the 
        MPC Autofill
         desktop tool which auto-fills your order into
         
        <a
          href="https://www.makeplayingcards.com"
          target="_blank"
        >
          MakePlayingCards.com
        </a>
         
        expects a file in this format.
      </p>
      <div
        class="btn toggle btn-md off btn-info"
        role="button"
        style="width: 100%; height: 38px;"
      >
        <div
          class="toggle-group"
        >
          <span
            class="btn toggle-on btn-md flex-centre btn-success"
          >
            Use XML Cardback
          </span>
          <span
            class="btn toggle-off btn-md flex-centre btn-info"
          >
            Retain Selected Cardback
          </span>
          <span
            class="toggle-handle btn btn-md btn-default"
          />
        </div>
      </div>
      <div
        class="pt-3"
      >
        <div
          class="btn toggle btn-md off btn-info"
          role="button"
          style="width: 100%; height: 38px;"
        >
          <div
            class="toggle-group"
          >
            <span
              class="btn toggle-on btn-md flex-centre btn-success"
            >
              Use XML Finish Settings
            </span>
            <span
              class="btn toggle-off btn-md flex-centre btn-info"
            >
              Retain Selected Finish Settings
            </span>
            <span
              class="toggle-handle btn btn-md btn-default"
            />
          </div>
        </div>
      </div>
      <hr />
      <div
        class="container"
      >
        <div
          aria-label="import-xml"
          class="c0"
          role="presentation"
          tabindex="0"
        >
          <input
            accept="text/xml,.xml"
            multiple=""
            style="display: none;"
            tabindex="-1"
            type="file"
          />
          Drag and drop a file here, or click to select a file.
        </div>
      </div>
    </div>
    <div
      class="modal-footer"
    >
      <button
        class="btn btn-secondary"
        type="button"
      >
        Close
      </button>
    </div>
  </div>
</div>
`;
