// Jest Snapshot v1, https://goo.gl/fbAQLP

exports[`the html structure of a CardDetailedViewModal 1`] = `
.c2 {
  max-width: 100%;
  overflow-x: scroll;
}

.c3 {
  table-layout: auto;
}

.c4 {
  width: 0%;
  text-align: left;
}

.c5 {
  width: 0%;
  text-align: left;
}

.c6 {
  -webkit-user-select: none;
  -moz-user-select: none;
  -ms-user-select: none;
  user-select: none;
  outline: solid 1px #ffffff00;
  -webkit-transition: outline 0.2s ease-in-out;
  transition: outline 0.2s ease-in-out;
}

.c6:hover {
  outline-color: #ffffffff;
  cursor: pointer;
}

.c7 {
  padding-right: 0.5em;
}

.c1 {
  z-index: 1;
  opacity: 1;
}

.c1:hover {
  cursor: auto;
}

.c0 {
  z-index: 0;
  background: #4e5d6c;
  border: solid 0px black;
}

<div
  class="modal-dialog modal-xl"
  data-testid="detailed-view"
>
  <div
    class="modal-content"
  >
    <div
      class="modal-header"
    >
      <div
        class="modal-title h4"
      >
        Card Details
      </div>
      <button
        aria-label="Close"
        class="btn-close"
        type="button"
      />
    </div>
    <div
      class="modal-body"
    >
      <div
        class="row"
      >
        <div
          class="col-lg-5 mb-3 mb-lg-0"
          style="position: relative;"
        >
          <div
            class="c0 rounded-xl shadow-lg ratio ratio-7x5"
          >
            <img
              alt="Card 1"
              class="c1 card-img card-img-fade-in"
              data-nimg="fill"
              decoding="async"
              loading="lazy"
              src=""
              style="position: absolute; height: 100%; width: 100%; left: 0px; top: 0px; right: 0px; bottom: 0px; color: transparent;"
            />
          </div>
        </div>
        <div
          class="col-lg-7"
        >
          <h4>
            Card 1
          </h4>
          <div
            class="c2"
          >
            <table
              class="c3 table table-hover"
            >
              <tbody>
                <tr>
                  <th
                    class="c4"
                    scope="row"
                  >
                    Source Name
                  </th>
                  <td
                    class="c5"
                  >
                    Source 1
                  </td>
                </tr>
                <tr>
                  <th
                    class="c4"
                    scope="row"
                  >
                    Source Type
                  </th>
                  <td
                    class="c5"
                  >
                    Google Drive
                  </td>
                </tr>
                <tr>
                  <th
                    class="c4"
                    scope="row"
                  >
                    Class
                  </th>
                  <td
                    class="c5"
                  >
                    Card
                  </td>
                </tr>
                <tr>
                  <th
                    class="c4"
                    scope="row"
                  >
                    Identifier
                  </th>
                  <td
                    class="c5"
                  >
                    <code
                      class="c6"
                    >
                      abc123
                    </code>
                  </td>
                </tr>
                <tr>
                  <th
                    class="c4"
                    scope="row"
                  >
                    Language
                  </th>
                  <td
                    class="c5"
                  >
                    English
                  </td>
                </tr>
                <tr>
                  <th
                    class="c4"
                    scope="row"
                  >
                    Tags
                  </th>
                  <td
                    class="c5"
                  >
                    Untagged
                  </td>
                </tr>
                <tr>
                  <th
                    class="c4"
                    scope="row"
                  >
                    Resolution
                  </th>
                  <td
                    class="c5"
                  >
                    1200 DPI
                  </td>
                </tr>
                <tr>
                  <th
                    class="c4"
                    scope="row"
                  >
                    Date Created
                  </th>
                  <td
                    class="c5"
                  >
                    1st January, 2000
                  </td>
                </tr>
                <tr>
                  <th
                    class="c4"
                    scope="row"
                  >
                    Date Modified
                  </th>
                  <td
                    class="c5"
                  >
                    1st January, 2000
                  </td>
                </tr>
                <tr>
                  <th
                    class="c4"
                    scope="row"
                  >
                    File Size
                  </th>
                  <td
                    class="c5"
                  >
                    10 MB
                  </td>
                </tr>
              </tbody>
            </table>
          </div>
          <div
            class="d-grid gap-0"
          >
            <button
              class="btn btn-primary"
              type="button"
            >
              <i
                class="c7 bi bi-cloud-arrow-down"
              />
               
              Download Image
            </button>
          </div>
          <form
            class=""
          >
            <div
              class="g-0 pt-3 row"
            >
              <div
                class="col-lg-2 col-md-3"
              >
                <input
                  alt="Quantity of card to add to project"
                  class="form-control"
                  max="611"
                  min="1"
                  pattern="[0-9]*"
                  placeholder="1"
                  type="number"
                  value="1"
                />
              </div>
              <div
                class="col-lg-10 col-md-9"
              >
                <div
                  class="d-grid gap-0"
                >
                  <button
                    class="btn btn-success"
                    type="submit"
                  >
                    <i
                      class="c7 bi bi-plus-circle"
                    />
                     Add to Project
                  </button>
                </div>
              </div>
            </div>
          </form>
        </div>
      </div>
    </div>
    <div
      class="modal-footer"
    >
      <button
        class="btn btn-secondary"
        type="button"
      >
        Close
      </button>
    </div>
  </div>
</div>
`;
