# name: TestUpdateDatabase.test_comprehensive_snapshot[cards]
  list([
    <Card: [Example Drive 1] <EN> Mountain [Type: CARD, Identifier: 1-dcs0FEE05MTGiYbKqs9HnRdhXkgtIJG, Uploaded: 22/09/2022, Priority: 7]>,
    <Card: [Example Drive 1] <EN> Plains [Type: CARD, Identifier: 1743iShpNEhY5xQ2PCUNpca4UL5t4rG3g, Uploaded: 22/09/2022, Priority: 7]>,
    <Card: [Example Drive 1] <EN> Delver of Secrets [Type: CARD, Identifier: 17fopRCNRge72U8Hac8pApHZtEalx5kHy, Uploaded: 09/10/2022, Priority: 2]>,
    <Card: [Example Drive 1] <EN> Huntmaster of the Fells [Type: CARD, Identifier: 1991MWCur9NdAFi-tQQD5YbQj2oqV_WRy, Uploaded: 22/09/2022, Priority: 2]>,
    <Card: [Example Drive 1] <EN> Island (William Bradford) [Type: CARD, Identifier: 1HsvTYs1jFGe1c8U1PnNZ9aB8jkAW7KU0, Uploaded: 22/09/2022, Priority: 6]>,
    <Card: [Example Drive 1] <EN> Island [Type: CARD, Identifier: 1IDtqSjJ4Yo45AnNA4SplOiN7ewibifMa, Uploaded: 22/09/2022, Priority: 7]>,
    <Card: [Example Drive 1] <EN> Simple Cube [Type: CARDBACK, Identifier: 1JtXL6Ca9nQkvhwZZRR9ZuKA9_DzsFf1V, Uploaded: 22/09/2022, Priority: 17]>,
    <Card: [Example Drive 1] <EN> Swamp [Type: CARD, Identifier: 1O5Y_lBOBJK1D9Tw6pcsQJXYoTZXhR3mV, Uploaded: 22/09/2022, Priority: 7]>,
    <Card: [Example Drive 1] <EN> Forest [Type: CARD, Identifier: 1Sne_vn7TlohIbsjt933Kd5k2ff6vFS1I, Uploaded: 22/09/2022, Priority: 7]>,
    <Card: [Example Drive 1] <EN> PÃ¡st in Flames [Type: CARD, Identifier: 1UPdh7J7hScg4ZnxSPJ-EeBYHLp2s3Oz1, Uploaded: 24/09/2022, Priority: 2]>,
    <Card: [Example Drive 1] <EN> Goblin [Type: TOKEN, Identifier: 1V5E0avDmNyEUuFfYwx3nA05aj-1HY0rA, Uploaded: 09/10/2022, Priority: 2]>,
    <Card: [Example Drive 1] <EN> Brainstorm [Type: CARD, Identifier: 1c4M-sK9gd0Xju0NXCPtqeTW_DQTldVU5, Uploaded: 22/09/2022, Priority: 2]>,
    <Card: [Example Drive 2] <EN> Past in Flames [Type: CARD, Identifier: 1dxSLHtw-VwwE09pZCA8OA6LbuWRZPEoU, Uploaded: 24/09/2022, Priority: 2]>,
    <Card: [Example Drive 1] <EN> Ravager of the Fells [Type: CARD, Identifier: 1lv8WC1Xf1qxA7VHSc8jOtT5up6FwaBPH, Uploaded: 22/09/2022, Priority: 2]>,
    <Card: [Example Drive 1] <EN> Insectile Aberration [Type: CARD, Identifier: 1mO73GTYlieP0kiZEkF58pJSrZTmC9lNh, Uploaded: 09/10/2022, Priority: 2]>,
    <Card: [Example Drive 1] <EN> Simple Lotus [Type: CARDBACK, Identifier: 1oigI6wz0zA--pNMuExKTs40kBNH6VRP_, Uploaded: 22/09/2022, Priority: 7]>,
  ])
# ---
